2026-09-24 11:47:07,300 [INFO] ============================================================
2026-09-24 11:47:07,300 [INFO] STOCK ANALYZER — INTRADAY MONITOR
2026-09-24 11:47:07,300 [INFO] Started at: 11:47:07
2026-09-24 11:47:07,300 [INFO] Polling interval: 5 minutes
2026-09-24 11:47:07,300 [INFO] Press Ctrl+C to stop.
2026-09-24 11:47:07,300 [INFO] ============================================================
2026-09-24 11:47:10,966 [INFO] New signals saved: 3
2026-09-24 11:47:10,966 [INFO] Sleeping 5 minutes until next check...
2026-09-24 11:47:11,948 [INFO] New signals saved: 3
2026-09-24 11:47:11,948 [INFO] Sleeping 5 minutes until next check...
2026-09-24 11:47:12,306 [INFO] New signals saved: 3
2026-09-24 11:47:12,306 [INFO] Sleeping 5 minutes until next check...
2026-09-24 11:47:12,777 [INFO] Sleeping 5 minutes until next check...
2026-09-24 11:47:13,089 [INFO] New signals saved: 2
2026-09-24 11:47:13,089 [INFO] Sleeping 5 minutes until next check...
2026-09-24 11:47:13,506 [INFO] New signals saved: 1
2026-09-24 11:47:13,506 [INFO] Sleeping 5 minutes until next check...
2026-09-24 11:47:14,055 [INFO] New signals saved: 2
2026-09-24 11:47:14,055 [INFO] Sleeping 5 minutes until next check...
2026-09-24 11:47:14,814 [INFO] New signals saved: 1
2026-09-24 11:47:14,814 [INFO] Sleeping 5 minutes until next check...
2026-09-24 11:47:15,497 [INFO] New signals saved: 3
2026-09-24 11:47:15,497 [INFO] Sleeping 5 minutes until next check...
2026-09-24 11:47:16,221 [INFO] New signals saved: 2
2026-09-24 11:47:16,221 [INFO] Sleeping 5 minutes until next check...
2026-09-24 11:47:16,696 [INFO] New signals saved: 1
2026-09-24 11:47:16,696 [INFO] Sleeping 5 minutes until next check...
2026-09-24 11:47:17,037 [INFO] New signals saved: 1
2026-09-24 11:47:17,037 [INFO] Sleeping 5 minutes until next check...
2026-09-24 11:47:17,282 [INFO] New signals saved: 2
2026-09-24 11:47:17,282 [INFO] Sleeping 5 minutes until next check...
2026-09-24 11:47:17,646 [INFO] Sleeping 5 minutes until next check...
2026-09-24 11:47:17,965 [INFO] Sleeping 5 minutes until next check...
2026-09-24 11:47:18,245 [INFO] New signals saved: 3
2026-09-24 11:47:18,245 [INFO] Sleeping 5 minutes until next check...
2026-09-24 11:47:18,742 [INFO] Sleeping 5 minutes until next check...
2026-09-24 11:47:19,203 [INFO] New signals saved: 3
2026-09-24 11:47:19,203 [INFO] Sleeping 5 minutes until next check...
2026-09-24 11:47:19,520 [INFO] Sleeping 5 minutes until next check...
2026-09-24 11:47:20,086 [INFO] New signals saved: 2
2026-09-24 11:47:20,086 [INFO] Sleeping 5 minutes until next check...
2026-09-24 11:47:20,523 [INFO] New signals saved: 1
2026-09-24 11:47:20,523 [INFO] Sleeping 5 minutes until next check...
2026-09-24 11:47:21,002 [INFO] Sleeping 5 minutes until next check...
2026-09-24 11:47:21,511 [INFO] New signals saved: 3
2026-09-24 11:47:21,511 [INFO] Sleeping 5 minutes until next check...
2026-09-24 11:47:21,969 [INFO] Sleeping 5 minutes until next check...
2026-09-24 11:47:22,293 [INFO] New signals saved: 3
2026-09-24 11:47:22,293 [INFO] Sleeping 5 minutes until next check...
2026-09-24 11:47:22,815 [INFO] Sleeping 5 minutes until next check...
2026-09-24 11:47:23,151 [INFO] New signals saved: 3
2026-09-24 11:47:23,151 [INFO] Sleeping 5 minutes until next check...
2026-09-24 11:47:23,601 [INFO] Sleeping 5 minutes until next check...
2026-09-24 11:47:24,110 [INFO] New signals saved: 2
2026-09-24 11:47:24,110 [INFO] Sleeping 5 minutes until next check...
2026-09-24 11:47:24,625 [INFO] New signals saved: 1
2026-09-24 11:47:24,625 [INFO] Sleeping 5 minutes until next check...
2026-09-24 11:47:25,292 [INFO] New signals saved: 2
2026-09-24 11:47:25,292 [INFO] Sleeping 5 minutes until next check...
2026-09-24 11:47:25,918 [INFO] New signals saved: 1
2026-09-24 11:47:25,918 [INFO] Sleeping 5 minutes until next check...
2026-09-24 11:47:26,342 [INFO] New signals saved: 3
2026-09-24 11:47:26,342 [INFO] Sleeping 5 minutes until next check...
2026-09-24 11:47:26,866 [INFO] Sleeping 5 minutes until next check...
2026-09-24 11:47:27,225 [INFO] New signals saved: 3
2026-09-24 11:47:27,225 [INFO] Sleeping 5 minutes until next check...
2026-09-24 11:47:27,799 [INFO] Sleeping 5 minutes until next check...
2026-09-24 11:47:28,216 [INFO] New signals saved: 3
2026-09-24 11:47:28,216 [INFO] Sleeping 5 minutes until next check...
2026-09-24 11:47:28,603 [INFO] Sleeping 5 minutes until next check...
2026-09-24 11:47:29,274 [INFO] New signals saved: 3
2026-09-24 11:47:29,274 [INFO] Sleeping 5 minutes until next check...
2026-09-24 11:47:29,822 [INFO] Sleeping 5 minutes until next check...
2026-09-24 11:47:30,377 [INFO] New signals saved: 3
2026-09-24 11:47:30,377 [INFO] Sleeping 5 minutes until next check...
2026-09-24 11:47:30,915 [INFO] Sleeping 5 minutes until next check...
2026-09-24 11:47:31,215 [INFO] New signals saved: 3
2026-09-24 11:47:31,215 [INFO] Sleeping 5 minutes until next check...
2026-09-24 11:47:31,590 [INFO] Sleeping 5 minutes until next check...
2026-09-24 11:47:32,123 [INFO] New signals saved: 1
2026-09-24 11:47:32,123 [INFO] Sleeping 5 minutes until next check...
2026-09-24 11:47:32,564 [INFO] New signals saved: 2
2026-09-24 11:47:32,564 [INFO] Sleeping 5 minutes until next check...
2026-09-24 11:47:32,991 [INFO] Sleeping 5 minutes until next check...
2026-09-24 11:47:33,506 [INFO] New signals saved: 3
2026-09-24 11:47:33,506 [INFO] Sleeping 5 minutes until next check...
2026-09-24 11:47:34,139 [INFO] New signals saved: 2
2026-09-24 11:47:34,139 [INFO] Sleeping 5 minutes until next check...
2026-09-24 11:47:34,963 [INFO] New signals saved: 1
2026-09-24 11:47:34,963 [INFO] Sleeping 5 minutes until next check...
2026-09-24 11:47:35,813 [INFO] New signals saved: 3
2026-09-24 11:47:35,813 [INFO] Sleeping 5 minutes until next check...
2026-09-24 12:05:13,073 [INFO] ============================================================
2026-09-24 12:05:13,073 [INFO] STOCK ANALYZER — INTRADAY MONITOR
2026-09-24 12:05:13,073 [INFO] Started at: 12:05:13
2026-09-24 12:05:13,073 [INFO] Polling interval: 5 minutes
2026-09-24 12:05:13,073 [INFO] Press Ctrl+C to stop.
2026-09-24 12:05:13,073 [INFO] ============================================================
2026-09-24 12:05:14,893 [INFO] New signals saved: 2
2026-09-24 12:05:14,893 [INFO] Sleeping 5 minutes until next check...
2026-09-24 12:05:15,391 [INFO] New signals saved: 2
2026-09-24 12:05:15,391 [INFO] Sleeping 5 minutes until next check...
2026-09-24 12:05:15,897 [INFO] Sleeping 5 minutes until next check...
2026-09-24 12:05:16,389 [INFO] New signals saved: 2
2026-09-24 12:05:16,389 [INFO] Sleeping 5 minutes until next check...
2026-09-24 12:05:16,896 [INFO] Sleeping 5 minutes until next check...
2026-09-24 12:05:17,472 [INFO] New signals saved: 2
2026-09-24 12:05:17,472 [INFO] Sleeping 5 minutes until next check...
2026-09-24 12:05:17,974 [INFO] Sleeping 5 minutes until next check...
2026-09-24 12:05:18,530 [INFO] New signals saved: 2
2026-09-24 12:05:18,532 [INFO] Sleeping 5 minutes until next check...
2026-09-24 12:05:19,379 [INFO] New signals saved: 2
2026-09-24 12:05:19,379 [INFO] Sleeping 5 minutes until next check...
2026-09-24 12:05:20,090 [INFO] Sleeping 5 minutes until next check...
2026-09-24 12:05:20,545 [INFO] New signals saved: 2
2026-09-24 12:05:20,545 [INFO] Sleeping 5 minutes until next check...
2026-09-24 12:05:21,029 [INFO] New signals saved: 1
2026-09-24 12:05:21,029 [INFO] Sleeping 5 minutes until next check...
2026-09-24 12:05:21,537 [INFO] New signals saved: 1
2026-09-24 12:05:21,537 [INFO] Sleeping 5 minutes until next check...
2026-09-24 12:07:29,613 [INFO] ============================================================
2026-09-24 12:07:29,613 [INFO] STOCK ANALYZER — INTRADAY MONITOR
2026-09-24 12:07:29,613 [INFO] Started at: 12:07:29
2026-09-24 12:07:29,613 [INFO] Polling interval: 5 minutes
2026-09-24 12:07:29,613 [INFO] Press Ctrl+C to stop.
2026-09-24 12:07:29,613 [INFO] ============================================================
2026-09-24 12:07:31,904 [INFO] New signals saved: 2
2026-09-24 12:07:31,904 [INFO] Sleeping 5 minutes until next check...
2026-09-24 12:07:32,079 [INFO] New signals saved: 2
2026-09-24 12:07:32,079 [INFO] Sleeping 5 minutes until next check...
2026-09-24 12:07:32,247 [INFO] Sleeping 5 minutes until next check...
2026-09-24 12:07:32,427 [INFO] Sleeping 5 minutes until next check...
2026-09-24 12:07:32,599 [INFO] Sleeping 5 minutes until next check...
2026-09-24 12:07:32,765 [INFO] Sleeping 5 minutes until next check...
2026-09-24 12:07:32,932 [INFO] Sleeping 5 minutes until next check...
2026-09-24 12:07:33,102 [INFO] New signals saved: 2
2026-09-24 12:07:33,102 [INFO] Sleeping 5 minutes until next check...
2026-09-24 12:07:33,265 [INFO] Sleeping 5 minutes until next check...
2026-09-24 12:07:33,440 [INFO] Sleeping 5 minutes until next check...
2026-09-24 12:07:33,623 [INFO] Sleeping 5 minutes until next check...
2026-09-24 12:07:33,790 [INFO] Sleeping 5 minutes until next check...
2026-09-24 12:07:33,957 [INFO] Sleeping 5 minutes until next check...
2026-09-24 12:07:34,127 [INFO] New signals saved: 2
2026-09-24 12:07:34,127 [INFO] Sleeping 5 minutes until next check...
2026-09-24 12:07:34,296 [INFO] Sleeping 5 minutes until next check...
2026-09-24 12:07:34,460 [INFO] Sleeping 5 minutes until next check...
2026-09-24 12:07:34,627 [INFO] Sleeping 5 minutes until next check...
2026-09-24 12:07:34,788 [INFO] Sleeping 5 minutes until next check...
2026-09-24 12:07:35,160 [INFO] New signals saved: 2
2026-09-24 12:07:35,160 [INFO] Sleeping 5 minutes until next check...
2026-09-24 12:07:35,379 [INFO] Sleeping 5 minutes until next check...
2026-09-24 12:07:35,551 [INFO] Sleeping 5 minutes until next check...
2026-09-24 12:07:35,715 [INFO] Sleeping 5 minutes until next check...
2026-09-24 12:07:35,924 [INFO] Sleeping 5 minutes until next check...
2026-09-24 12:07:36,546 [INFO] New signals saved: 2
2026-09-24 12:07:36,546 [INFO] Sleeping 5 minutes until next check...
2026-09-24 12:07:36,828 [INFO] Sleeping 5 minutes until next check...
2026-09-24 12:07:36,994 [INFO] Sleeping 5 minutes until next check...
2026-09-24 12:07:37,168 [INFO] New signals saved: 2
2026-09-24 12:07:37,168 [INFO] Sleeping 5 minutes until next check...
2026-09-24 12:07:37,331 [INFO] Sleeping 5 minutes until next check...
2026-09-24 12:07:37,495 [INFO] Sleeping 5 minutes until next check...
2026-09-24 12:07:37,663 [INFO] Sleeping 5 minutes until next check...
2026-09-24 12:07:37,832 [INFO] Sleeping 5 minutes until next check...
2026-09-24 12:07:37,995 [INFO] Sleeping 5 minutes until next check...
2026-09-24 12:07:38,166 [INFO] New signals saved: 2
2026-09-24 12:07:38,166 [INFO] Sleeping 5 minutes until next check...
2026-09-24 12:07:38,336 [INFO] Sleeping 5 minutes until next check...
2026-09-24 12:07:38,515 [INFO] Sleeping 5 minutes until next check...
2026-09-24 12:07:38,684 [INFO] Sleeping 5 minutes until next check...
2026-09-24 12:07:38,854 [INFO] Sleeping 5 minutes until next check...
2026-09-24 12:07:39,036 [INFO] New signals saved: 1
2026-09-24 12:07:39,036 [INFO] Sleeping 5 minutes until next check...
2026-09-24 12:07:39,209 [INFO] New signals saved: 1
2026-09-24 12:07:39,209 [INFO] Sleeping 5 minutes until next check...
2026-09-24 12:07:39,384 [INFO] Sleeping 5 minutes until next check...
2026-09-24 12:07:39,557 [INFO] Sleeping 5 minutes until next check...
2026-09-24 12:07:39,726 [INFO] Sleeping 5 minutes until next check...
2026-09-24 12:07:39,895 [INFO] Sleeping 5 minutes until next check...
2026-09-24 12:07:40,309 [INFO] New signals saved: 2
2026-09-24 12:07:40,309 [INFO] Sleeping 5 minutes until next check...
2026-09-24 12:07:40,534 [INFO] Sleeping 5 minutes until next check...
2026-09-24 12:07:40,711 [INFO] Sleeping 5 minutes until next check...
2026-09-24 12:07:40,874 [INFO] Sleeping 5 minutes until next check...
2026-09-24 12:07:41,198 [INFO] New signals saved: 2
2026-09-24 12:07:41,199 [INFO] Sleeping 5 minutes until next check...
2026-09-24 12:07:41,420 [INFO] Sleeping 5 minutes until next check...
2026-09-24 12:07:41,779 [INFO] Sleeping 5 minutes until next check...
2026-09-24 12:07:41,942 [INFO] Sleeping 5 minutes until next check...
2026-09-24 12:07:42,127 [INFO] New signals saved: 2
2026-09-24 12:07:42,127 [INFO] Sleeping 5 minutes until next check...
2026-09-24 12:07:42,292 [INFO] Sleeping 5 minutes until next check...
2026-09-24 12:07:42,470 [INFO] Sleeping 5 minutes until next check...
2026-09-24 12:07:42,642 [INFO] Sleeping 5 minutes until next check...
2026-09-24 12:07:42,804 [INFO] Sleeping 5 minutes until next check...
2026-09-24 12:07:42,964 [INFO] Sleeping 5 minutes until next check...
2026-09-24 12:07:43,129 [INFO] New signals saved: 2
2026-09-24 12:07:43,129 [INFO] Sleeping 5 minutes until next check...
2026-09-24 12:07:43,297 [INFO] Sleeping 5 minutes until next check...
2026-09-24 12:07:43,461 [INFO] Sleeping 5 minutes until next check...
2026-09-24 12:07:43,626 [INFO] Sleeping 5 minutes until next check...
2026-09-24 12:07:43,790 [INFO] Sleeping 5 minutes until next check...
2026-09-24 12:07:43,956 [INFO] Sleeping 5 minutes until next check...
2026-09-24 12:07:44,129 [INFO] New signals saved: 2
2026-09-24 12:07:44,129 [INFO] Sleeping 5 minutes until next check...
2026-09-24 12:07:44,301 [INFO] Sleeping 5 minutes until next check...
2026-09-24 12:07:44,469 [INFO] Sleeping 5 minutes until next check...
2026-09-24 12:07:44,640 [INFO] Sleeping 5 minutes until next check...
2026-09-24 12:07:44,811 [INFO] Sleeping 5 minutes until next check...
2026-09-24 12:07:44,976 [INFO] Sleeping 5 minutes until next check...
2026-09-24 12:07:45,345 [INFO] New signals saved: 2
2026-09-24 12:07:45,346 [INFO] Sleeping 5 minutes until next check...
2026-09-24 12:07:45,555 [INFO] Sleeping 5 minutes until next check...
2026-09-24 12:07:45,729 [INFO] Sleeping 5 minutes until next check...
2026-09-24 12:07:45,896 [INFO] Sleeping 5 minutes until next check...
2026-09-24 12:07:46,128 [INFO] New signals saved: 2
2026-09-24 12:07:46,128 [INFO] Sleeping 5 minutes until next check...
2026-09-24 12:07:46,333 [INFO] Sleeping 5 minutes until next check...
2026-09-24 12:07:46,556 [INFO] Sleeping 5 minutes until next check...
2026-09-24 12:07:46,861 [INFO] Sleeping 5 minutes until next check...
2026-09-24 12:07:47,038 [INFO] New signals saved: 2
2026-09-24 12:07:47,038 [INFO] Sleeping 5 minutes until next check...
2026-09-24 12:07:47,204 [INFO] Sleeping 5 minutes until next check...
2026-09-24 12:07:47,376 [INFO] Sleeping 5 minutes until next check...
2026-09-24 12:07:47,537 [INFO] Sleeping 5 minutes until next check...
2026-09-24 12:07:47,700 [INFO] Sleeping 5 minutes until next check...
2026-09-24 12:07:47,865 [INFO] Sleeping 5 minutes until next check...
2026-09-24 12:07:48,031 [INFO] New signals saved: 2
2026-09-24 12:07:48,032 [INFO] Sleeping 5 minutes until next check...
2026-09-24 12:07:48,198 [INFO] Sleeping 5 minutes until next check...
2026-09-24 12:07:48,360 [INFO] Sleeping 5 minutes until next check...
2026-09-24 12:07:48,525 [INFO] Sleeping 5 minutes until next check...
2026-09-24 12:07:48,697 [INFO] Sleeping 5 minutes until next check...
2026-09-24 12:07:48,862 [INFO] Sleeping 5 minutes until next check...
2026-09-24 12:07:49,024 [INFO] New signals saved: 1
2026-09-24 12:07:49,024 [INFO] Sleeping 5 minutes until next check...
2026-09-24 12:07:49,189 [INFO] New signals saved: 1
2026-09-24 12:07:49,189 [INFO] Sleeping 5 minutes until next check...
2026-09-24 12:07:49,357 [INFO] Sleeping 5 minutes until next check...
2026-09-24 12:07:49,522 [INFO] Sleeping 5 minutes until next check...
2026-09-24 12:07:49,687 [INFO] Sleeping 5 minutes until next check...
2026-09-24 12:07:49,849 [INFO] Sleeping 5 minutes until next check...
2026-09-24 12:07:50,016 [INFO] New signals saved: 1
2026-09-24 12:07:50,016 [INFO] Sleeping 5 minutes until next check...
2026-09-24 12:07:50,342 [INFO] New signals saved: 1
2026-09-24 12:07:50,343 [INFO] Sleeping 5 minutes until next check...
2026-09-24 12:07:50,543 [INFO] Sleeping 5 minutes until next check...
2026-09-24 12:07:50,760 [INFO] Sleeping 5 minutes until next check...
2026-09-24 12:07:50,923 [INFO] Sleeping 5 minutes until next check...
2026-09-24 12:07:51,110 [INFO] Monitor stopped by user.
2026-09-24 12:15:47,320 [INFO] =======================================================
2026-09-24 12:15:47,320 [INFO] INTRADAY MONITOR — Press Ctrl+C to stop
2026-09-24 12:15:47,320 [INFO] Started: 12:15:47 | Poll: 5 min
2026-09-24 12:15:47,320 [INFO] =======================================================
2026-09-24 12:15:48,918 [INFO] New signals saved: 2
2026-09-24 12:17:31,641 [INFO] =======================================================
2026-09-24 12:17:31,641 [INFO] INTRADAY MONITOR — Press Ctrl+C to stop
2026-09-24 12:17:31,641 [INFO] Started: 12:17:31 | Poll: 5 min
2026-09-24 12:17:31,641 [INFO] =======================================================
2026-09-24 12:17:34,227 [INFO] New signals saved: 1
2026-09-24 12:18:35,785 [INFO] =======================================================
2026-09-24 12:18:35,785 [INFO] INTRADAY MONITOR — Press Ctrl+C to stop
2026-09-24 12:18:35,785 [INFO] Started: 12:18:35 | Poll: 5 min
2026-09-24 12:18:35,785 [INFO] =======================================================
2026-09-24 12:18:37,366 [INFO] New signals saved: 1
2026-09-24 12:23:39,287 [INFO] New signals saved: 2
2026-09-24 12:28:40,482 [INFO] New signals saved: 3
2026-09-24 12:30:07,791 [INFO] =======================================================
2026-09-24 12:30:07,791 [INFO] INTRADAY MONITOR — Press Ctrl+C to stop
2026-09-24 12:30:07,791 [INFO] Started: 12:30:07 | Poll: 5 min
2026-09-24 12:30:07,791 [INFO] =======================================================
2026-09-24 12:30:18,684 [INFO] =======================================================
2026-09-24 12:30:18,684 [INFO] INTRADAY MONITOR — Press Ctrl+C to stop
2026-09-24 12:30:18,684 [INFO] Started: 12:30:18 | Poll: 5 min
2026-09-24 12:30:18,684 [INFO] =======================================================
2026-09-24 12:30:23,084 [INFO] New signals saved: 2
2026-09-24 12:31:21,740 [INFO] =======================================================
2026-09-24 12:31:21,740 [INFO] INTRADAY MONITOR — Press Ctrl+C to stop
2026-09-24 12:31:21,740 [INFO] Started: 12:31:21 | Poll: 5 min
2026-09-24 12:31:21,741 [INFO] =======================================================
2026-09-24 12:31:26,214 [INFO] New signals saved: 2
2026-09-24 12:33:41,847 [INFO] New signals saved: 3
2026-09-24 12:37:42,193 [INFO] =======================================================
2026-09-24 12:37:42,193 [INFO] INTRADAY MONITOR — Press Ctrl+C to stop
2026-09-24 12:37:42,193 [INFO] Started: 12:37:42 | Poll: 5 min
2026-09-24 12:37:42,193 [INFO] =======================================================
2026-09-24 12:37:43,993 [INFO] New signals saved: 3
2026-09-24 12:38:42,837 [INFO] New signals saved: 3
2026-09-24 12:42:21,459 [INFO] Monitor stopped by user.
2026-09-24 12:42:24,080 [INFO] =======================================================
2026-09-24 12:42:24,080 [INFO] INTRADAY MONITOR — Press Ctrl+C to stop
2026-09-24 12:42:24,080 [INFO] Started: 12:42:24 | Poll: 5 min
2026-09-24 12:42:24,080 [INFO] =======================================================
2026-09-24 12:42:24,937 [INFO] New signals saved: 2
2026-09-24 12:44:05,904 [INFO] Monitor stopped by user.
