2026-09-24 11:38:19,613 [INFO] ============================================================
2026-09-24 11:38:19,613 [INFO] STOCK ANALYZER — DAILY SIGNAL SCAN
2026-09-24 11:38:19,613 [INFO] Date: 2026-09-24
2026-09-24 11:38:19,613 [INFO] ============================================================
2026-09-24 11:38:20,507 [INFO] Fetching Nifty 50 data...
2026-09-24 11:38:20,957 [INFO] Nifty: 23446.80 | 20 SMA: 23658.05 | Regime: BEARISH
2026-09-24 11:38:20,957 [INFO] Scanning RELIANCE...
2026-09-24 11:38:22,000 [INFO]   RELIANCE: no signal | C=1248.0 RSI=31.8 BB=-2.1%
2026-09-24 11:38:22,001 [INFO] Scanning HDFCBANK...
2026-09-24 11:38:22,192 [INFO]   HDFCBANK: no signal | C=737.25 RSI=66.9 BB=3.1%
2026-09-24 11:38:22,192 [INFO] Scanning ICICIBANK...
2026-09-24 11:38:22,440 [INFO]   ICICIBANK: no signal | C=1340.0 RSI=17.2 BB=-3.8%
2026-09-24 11:38:22,440 [INFO] Scanning SBIN...
2026-09-24 11:38:22,610 [INFO]   SBIN: no signal | C=994.1 RSI=39.7 BB=-1.8%
2026-09-24 11:38:22,610 [INFO] Scanning BHARTIARTL...
2026-09-24 11:38:22,945 [INFO]   BHARTIARTL: no signal | C=1833.2 RSI=44.6 BB=-0.9%
2026-09-24 11:38:22,945 [INFO] Scanning KOTAKBANK...
2026-09-24 11:38:23,118 [INFO]   KOTAKBANK: no signal | C=413.25 RSI=38.9 BB=-1.2%
2026-09-24 11:38:23,118 [INFO] Scanning LT...
2026-09-24 11:38:23,465 [INFO]   LT: no signal | C=3929.9 RSI=45.0 BB=-0.4%
2026-09-24 11:38:23,465 [INFO] Scanning MARUTI...
2026-09-24 11:38:23,793 [INFO]   MARUTI: no signal | C=12230 RSI=27.3 BB=-3.6%
2026-09-24 11:38:23,793 [INFO] Scanning NTPC...
2026-09-24 11:38:24,033 [INFO]   NTPC: no signal | C=326.0 RSI=43.5 BB=-1.2%
2026-09-24 11:38:24,033 [INFO] Scanning WIPRO...
2026-09-24 11:38:24,267 [INFO]   WIPRO: no signal | C=164.9 RSI=25.3 BB=-4.1%
2026-09-24 11:38:24,267 [INFO] Scanning TATASTEEL...
2026-09-24 11:38:24,568 [INFO]   TATASTEEL: no signal | C=190.82 RSI=59.5 BB=2.8%
2026-09-24 11:38:24,568 [INFO] Scanning TITAN...
2026-09-24 11:38:24,876 [INFO]   TITAN: no signal | C=4880.0 RSI=34.5 BB=-2.2%
2026-09-24 11:38:24,876 [INFO] Scanning HCLTECH...
2026-09-24 11:38:25,091 [INFO]   HCLTECH: no signal | C=1256.7 RSI=34.7 BB=-1.5%
2026-09-24 11:38:25,092 [INFO] Scanning INFY...
2026-09-24 11:38:25,375 [INFO]   INFY: no signal | C=1020.5 RSI=20.6 BB=-5.9%
2026-09-24 11:38:25,375 [INFO] Scanning TCS...
2026-09-24 11:38:25,546 [INFO]   TCS: no signal | C=2089.6 RSI=18.4 BB=-6.7%
2026-09-24 11:38:25,546 [INFO] Scanning ASIANPAINT...
2026-09-24 11:38:25,709 [INFO]   ASIANPAINT: no signal | C=2455.0 RSI=32.8 BB=-1.8%
2026-09-24 11:39:53,797 [INFO] ============================================================
2026-09-24 11:39:53,797 [INFO] STOCK ANALYZER — DAILY SIGNAL SCAN
2026-09-24 11:39:53,797 [INFO] Date: 2026-09-24
2026-09-24 11:39:53,797 [INFO] ============================================================
2026-09-24 11:39:54,560 [INFO] Fetching Nifty 50 data...
2026-09-24 11:39:54,598 [INFO] Nifty: 23446.80 | 20 SMA: 23658.05 | Regime: BEARISH
2026-09-24 11:39:54,598 [INFO] Scanning RELIANCE...
2026-09-24 11:39:54,634 [INFO]   RELIANCE: no signal | C=1248.0 RSI=31.8 BB=-2.1%
2026-09-24 11:39:54,634 [INFO] Scanning HDFCBANK...
2026-09-24 11:39:54,676 [INFO]   HDFCBANK: no signal | C=737.25 RSI=66.9 BB=3.1%
2026-09-24 11:39:54,676 [INFO] Scanning ICICIBANK...
2026-09-24 11:39:54,721 [INFO]   ICICIBANK: no signal | C=1340.0 RSI=17.2 BB=-3.8%
2026-09-24 11:39:54,721 [INFO] Scanning SBIN...
2026-09-24 11:39:54,761 [INFO]   SBIN: no signal | C=994.1 RSI=39.7 BB=-1.8%
2026-09-24 11:39:54,761 [INFO] Scanning BHARTIARTL...
2026-09-24 11:39:54,801 [INFO]   BHARTIARTL: no signal | C=1833.2 RSI=44.6 BB=-0.9%
2026-09-24 11:39:54,801 [INFO] Scanning KOTAKBANK...
2026-09-24 11:39:54,843 [INFO]   KOTAKBANK: no signal | C=413.25 RSI=38.9 BB=-1.2%
2026-09-24 11:39:54,843 [INFO] Scanning LT...
2026-09-24 11:39:54,880 [INFO]   LT: no signal | C=3929.9 RSI=45.0 BB=-0.4%
2026-09-24 11:39:54,880 [INFO] Scanning MARUTI...
2026-09-24 11:39:55,221 [INFO]   MARUTI: no signal | C=12230 RSI=27.3 BB=-3.6%
2026-09-24 11:39:55,221 [INFO] Scanning NTPC...
2026-09-24 11:39:55,254 [INFO]   NTPC: no signal | C=326.0 RSI=43.5 BB=-1.2%
2026-09-24 11:39:55,254 [INFO] Scanning WIPRO...
2026-09-24 11:39:55,292 [INFO]   WIPRO: no signal | C=164.9 RSI=25.3 BB=-4.1%
2026-09-24 11:39:55,292 [INFO] Scanning TATASTEEL...
2026-09-24 11:39:55,329 [INFO]   TATASTEEL: no signal | C=190.82 RSI=59.5 BB=2.8%
2026-09-24 11:39:55,329 [INFO] Scanning TITAN...
2026-09-24 11:39:55,373 [INFO]   TITAN: no signal | C=4880.0 RSI=34.5 BB=-2.2%
2026-09-24 11:39:55,373 [INFO] Scanning HCLTECH...
2026-09-24 11:39:55,404 [INFO]   HCLTECH: no signal | C=1256.7 RSI=34.7 BB=-1.5%
2026-09-24 11:39:55,404 [INFO] Scanning INFY...
2026-09-24 11:39:55,446 [INFO]   INFY: no signal | C=1020.5 RSI=20.6 BB=-5.9%
2026-09-24 11:39:55,446 [INFO] Scanning TCS...
2026-09-24 11:39:55,487 [INFO]   TCS: no signal | C=2089.6 RSI=18.4 BB=-6.7%
2026-09-24 11:39:55,487 [INFO] Scanning ASIANPAINT...
2026-09-24 11:39:55,521 [INFO]   ASIANPAINT: no signal | C=2455.0 RSI=32.8 BB=-1.8%
2026-09-24 11:39:55,521 [INFO] 
2026-09-24 11:39:55,521 [INFO] ============================================================
2026-09-24 11:39:55,521 [INFO] SCAN COMPLETE — 0 signal(s) found
2026-09-24 11:39:55,521 [INFO] Signals saved to: D:\OpenCode\Stock\Stock Analyzer\signals\signals_2026-09-24.json
2026-09-24 11:39:55,521 [INFO] ============================================================
2026-09-24 11:43:59,554 [INFO] ============================================================
2026-09-24 11:43:59,554 [INFO] STOCK ANALYZER — DAILY SIGNAL SCAN
2026-09-24 11:43:59,559 [INFO] Date: 2026-09-24
2026-09-24 11:43:59,559 [INFO] ============================================================
2026-09-24 11:44:00,067 [INFO] Fetching Nifty 50 data...
2026-09-24 11:44:00,086 [INFO] Nifty: 23446.80 | 20 SMA: 23658.05 | Regime: BEARISH
2026-09-24 11:44:00,086 [INFO] Scanning RELIANCE...
2026-09-24 11:44:00,090 [INFO]   RELIANCE: no signal | C=1248.0 RSI=31.8 BB=-2.1%
2026-09-24 11:44:00,090 [INFO] Scanning HDFCBANK...
2026-09-24 11:44:00,109 [INFO]   HDFCBANK: no signal | C=737.25 RSI=66.9 BB=3.1%
2026-09-24 11:44:00,109 [INFO] Scanning ICICIBANK...
2026-09-24 11:44:00,120 [INFO]   ICICIBANK: no signal | C=1340.0 RSI=17.2 BB=-3.8%
2026-09-24 11:44:00,121 [INFO] Scanning SBIN...
2026-09-24 11:44:00,124 [INFO]   SBIN: no signal | C=994.1 RSI=39.7 BB=-1.8%
2026-09-24 11:44:00,132 [INFO] Scanning BHARTIARTL...
2026-09-24 11:44:00,144 [INFO]   BHARTIARTL: no signal | C=1833.2 RSI=44.6 BB=-0.9%
2026-09-24 11:44:00,144 [INFO] Scanning KOTAKBANK...
2026-09-24 11:44:00,149 [INFO]   KOTAKBANK: no signal | C=413.25 RSI=38.9 BB=-1.2%
2026-09-24 11:44:00,149 [INFO] Scanning LT...
2026-09-24 11:44:00,167 [INFO]   LT: no signal | C=3929.9 RSI=45.0 BB=-0.4%
2026-09-24 11:44:00,167 [INFO] Scanning MARUTI...
2026-09-24 11:44:00,179 [INFO]   MARUTI: no signal | C=12230 RSI=27.3 BB=-3.6%
2026-09-24 11:44:00,180 [INFO] Scanning NTPC...
2026-09-24 11:44:00,191 [INFO]   NTPC: no signal | C=326.0 RSI=43.5 BB=-1.2%
2026-09-24 11:44:00,191 [INFO] Scanning WIPRO...
2026-09-24 11:44:00,204 [INFO]   WIPRO: no signal | C=164.9 RSI=25.3 BB=-4.1%
2026-09-24 11:44:00,204 [INFO] Scanning TATASTEEL...
2026-09-24 11:44:00,208 [INFO]   TATASTEEL: no signal | C=190.82 RSI=59.5 BB=2.8%
2026-09-24 11:44:00,208 [INFO] Scanning TITAN...
2026-09-24 11:44:00,225 [INFO]   TITAN: no signal | C=4880.0 RSI=34.5 BB=-2.2%
2026-09-24 11:44:00,227 [INFO] Scanning HCLTECH...
2026-09-24 11:44:00,237 [INFO]   HCLTECH: no signal | C=1256.7 RSI=34.7 BB=-1.5%
2026-09-24 11:44:00,238 [INFO] Scanning INFY...
2026-09-24 11:44:00,241 [INFO]   INFY: no signal | C=1020.5 RSI=20.6 BB=-5.9%
2026-09-24 11:44:00,241 [INFO] Scanning TCS...
2026-09-24 11:44:00,257 [INFO]   TCS: no signal | C=2089.6 RSI=18.4 BB=-6.7%
2026-09-24 11:44:00,257 [INFO] Scanning ASIANPAINT...
2026-09-24 11:44:00,270 [INFO]   ASIANPAINT: no signal | C=2455.0 RSI=32.8 BB=-1.8%
2026-09-24 11:44:00,272 [INFO] 
2026-09-24 11:44:00,272 [INFO] ============================================================
2026-09-24 11:44:00,273 [INFO] SCAN COMPLETE — 0 signal(s) found
2026-09-24 11:44:00,273 [INFO] Signals saved to: D:\OpenCode\Stock\Stock Analyzer\signals\signals_2026-09-24.json
2026-09-24 11:44:00,273 [INFO] ============================================================
2026-09-24 12:03:12,911 [INFO] ============================================================
2026-09-24 12:03:12,911 [INFO] STOCK ANALYZER — DAILY SIGNAL SCAN
2026-09-24 12:03:12,911 [INFO] Scan date: 2026-09-23
2026-09-24 12:03:12,911 [INFO] Today: 2026-09-24
2026-09-24 12:03:12,911 [INFO] ============================================================
2026-09-24 12:03:13,663 [INFO] Fetching Nifty 50 data (up to 2026-09-23)...
2026-09-24 12:03:14,394 [INFO] Nifty: 23446.80 | 20 SMA: 23658.05 | Regime: BEARISH
2026-09-24 12:03:14,394 [INFO] Scanning RELIANCE...
2026-09-24 12:03:14,891 [INFO]   RELIANCE: no signal | C=1248.0 RSI=31.8 BB=-2.1%
2026-09-24 12:03:14,891 [INFO] Scanning HDFCBANK...
2026-09-24 12:03:15,035 [INFO]   HDFCBANK: no signal | C=737.25 RSI=66.9 BB=3.1%
2026-09-24 12:03:15,035 [INFO] Scanning ICICIBANK...
2026-09-24 12:03:15,171 [INFO]   ICICIBANK: no signal | C=1340.0 RSI=17.2 BB=-3.8%
2026-09-24 12:03:15,171 [INFO] Scanning SBIN...
2026-09-24 12:03:15,309 [INFO]   SBIN: no signal | C=994.1 RSI=39.7 BB=-1.8%
2026-09-24 12:03:15,309 [INFO] Scanning BHARTIARTL...
2026-09-24 12:03:15,398 [INFO]   BHARTIARTL: no signal | C=1833.2 RSI=44.6 BB=-0.9%
2026-09-24 12:03:15,398 [INFO] Scanning KOTAKBANK...
2026-09-24 12:03:15,545 [INFO]   KOTAKBANK: no signal | C=413.25 RSI=38.9 BB=-1.2%
2026-09-24 12:03:15,545 [INFO] Scanning LT...
2026-09-24 12:03:15,738 [INFO]   LT: no signal | C=3929.9 RSI=45.0 BB=-0.4%
2026-09-24 12:03:15,738 [INFO] Scanning MARUTI...
2026-09-24 12:03:15,933 [INFO]   MARUTI: no signal | C=12230 RSI=27.3 BB=-3.6%
2026-09-24 12:03:15,933 [INFO] Scanning NTPC...
2026-09-24 12:03:16,489 [INFO]   NTPC: no signal | C=326.0 RSI=43.5 BB=-1.2%
2026-09-24 12:03:16,489 [INFO] Scanning WIPRO...
2026-09-24 12:03:16,661 [INFO]   WIPRO: no signal | C=164.9 RSI=25.3 BB=-4.1%
2026-09-24 12:03:16,669 [INFO] Scanning TATASTEEL...
2026-09-24 12:03:17,026 [INFO]   TATASTEEL: no signal | C=190.82 RSI=59.5 BB=2.8%
2026-09-24 12:03:17,026 [INFO] Scanning TITAN...
2026-09-24 12:03:17,174 [INFO]   TITAN: no signal | C=4880.0 RSI=34.5 BB=-2.2%
2026-09-24 12:03:17,174 [INFO] Scanning HCLTECH...
2026-09-24 12:03:17,371 [INFO]   HCLTECH: no signal | C=1256.7 RSI=34.7 BB=-1.5%
2026-09-24 12:03:17,371 [INFO] Scanning INFY...
2026-09-24 12:03:17,561 [INFO]   INFY: no signal | C=1020.5 RSI=20.6 BB=-5.9%
2026-09-24 12:03:17,561 [INFO] Scanning TCS...
2026-09-24 12:03:17,686 [INFO]   TCS: no signal | C=2089.6 RSI=18.4 BB=-6.7%
2026-09-24 12:03:17,686 [INFO] Scanning ASIANPAINT...
2026-09-24 12:03:17,819 [INFO]   ASIANPAINT: no signal | C=2455.0 RSI=32.8 BB=-1.8%
2026-09-24 12:03:17,820 [INFO] 
2026-09-24 12:03:17,820 [INFO] ============================================================
2026-09-24 12:03:17,820 [INFO] SCAN COMPLETE (2026-09-23) — 0 signal(s) found
2026-09-24 12:03:17,820 [INFO] Signals saved to: D:\OpenCode\Stock\Stock Analyzer\signals\signals_2026-09-23.json
2026-09-24 12:03:17,820 [INFO] ============================================================
2026-09-24 12:03:59,453 [INFO] ============================================================
2026-09-24 12:03:59,453 [INFO] STOCK ANALYZER — DAILY SIGNAL SCAN
2026-09-24 12:03:59,453 [INFO] Scan date: 2026-09-23
2026-09-24 12:03:59,453 [INFO] Today: 2026-09-24
2026-09-24 12:03:59,453 [INFO] ============================================================
2026-09-24 12:03:59,942 [INFO] Fetching Nifty 50 data (up to 2026-09-23)...
2026-09-24 12:03:59,981 [INFO] Nifty: 23446.80 | 20 SMA: 23658.05 | Regime: BEARISH
2026-09-24 12:03:59,981 [INFO] Scanning RELIANCE...
2026-09-24 12:04:00,014 [INFO]   RELIANCE: no signal | C=1248.0 RSI=31.8 BB=-2.1%
2026-09-24 12:04:00,014 [INFO] Scanning HDFCBANK...
2026-09-24 12:04:00,043 [INFO]   HDFCBANK: no signal | C=737.25 RSI=66.9 BB=3.1%
2026-09-24 12:04:00,043 [INFO] Scanning ICICIBANK...
2026-09-24 12:04:00,086 [INFO]   ICICIBANK: no signal | C=1340.0 RSI=17.2 BB=-3.8%
2026-09-24 12:04:00,087 [INFO] Scanning SBIN...
2026-09-24 12:04:00,125 [INFO]   SBIN: no signal | C=994.1 RSI=39.7 BB=-1.8%
2026-09-24 12:04:00,126 [INFO] Scanning BHARTIARTL...
2026-09-24 12:04:00,144 [INFO]   BHARTIARTL: no signal | C=1833.2 RSI=44.6 BB=-0.9%
2026-09-24 12:04:00,144 [INFO] Scanning KOTAKBANK...
2026-09-24 12:04:00,177 [INFO]   KOTAKBANK: no signal | C=413.25 RSI=38.9 BB=-1.2%
2026-09-24 12:04:00,177 [INFO] Scanning LT...
2026-09-24 12:04:00,211 [INFO]   LT: no signal | C=3929.9 RSI=45.0 BB=-0.4%
2026-09-24 12:04:00,211 [INFO] Scanning MARUTI...
2026-09-24 12:04:00,243 [INFO]   MARUTI: no signal | C=12230 RSI=27.3 BB=-3.6%
2026-09-24 12:04:00,244 [INFO] Scanning NTPC...
2026-09-24 12:04:00,260 [INFO]   NTPC: no signal | C=326.0 RSI=43.5 BB=-1.2%
2026-09-24 12:04:00,260 [INFO] Scanning WIPRO...
2026-09-24 12:04:00,298 [INFO]   WIPRO: no signal | C=164.9 RSI=25.3 BB=-4.1%
2026-09-24 12:04:00,298 [INFO] Scanning TATASTEEL...
2026-09-24 12:04:00,330 [INFO]   TATASTEEL: no signal | C=190.82 RSI=59.5 BB=2.8%
2026-09-24 12:04:00,330 [INFO] Scanning TITAN...
2026-09-24 12:04:00,367 [INFO]   TITAN: no signal | C=4880.0 RSI=34.5 BB=-2.2%
2026-09-24 12:04:00,367 [INFO] Scanning HCLTECH...
2026-09-24 12:04:00,400 [INFO]   HCLTECH: no signal | C=1256.7 RSI=34.7 BB=-1.5%
2026-09-24 12:04:00,408 [INFO] Scanning INFY...
2026-09-24 12:04:00,443 [INFO]   INFY: no signal | C=1020.5 RSI=20.6 BB=-5.9%
2026-09-24 12:04:00,443 [INFO] Scanning TCS...
2026-09-24 12:04:00,481 [INFO]   TCS: no signal | C=2089.6 RSI=18.4 BB=-6.7%
2026-09-24 12:04:00,483 [INFO] Scanning ASIANPAINT...
2026-09-24 12:04:00,501 [INFO]   ASIANPAINT: no signal | C=2455.0 RSI=32.8 BB=-1.8%
2026-09-24 12:04:00,502 [INFO] 
2026-09-24 12:04:00,502 [INFO] ============================================================
2026-09-24 12:04:00,502 [INFO] SCAN COMPLETE (2026-09-23) — 0 signal(s) found
2026-09-24 12:04:00,502 [INFO] Signals saved to: D:\OpenCode\Stock\Stock Analyzer\signals\signals_2026-09-23.json
2026-09-24 12:04:00,502 [INFO] ============================================================
2026-09-24 12:16:09,538 [INFO] ============================================================
2026-09-24 12:16:09,538 [INFO] STOCK ANALYZER — DAILY SIGNAL SCAN
2026-09-24 12:16:09,538 [INFO] Scan date: 2026-09-23
2026-09-24 12:16:09,538 [INFO] Today: 2026-09-24
2026-09-24 12:16:09,538 [INFO] ============================================================
2026-09-24 12:16:10,326 [INFO] Fetching Nifty 50 data (up to 2026-09-23)...
2026-09-24 12:16:10,335 [INFO] Nifty: 23446.80 | 20 SMA: 23658.05 | Regime: BEARISH
2026-09-24 12:16:10,335 [INFO] Scanning RELIANCE...
2026-09-24 12:16:10,351 [INFO]   RELIANCE: no signal | C=1248.0 RSI=31.8 BB=-2.1%
2026-09-24 12:16:10,351 [INFO] Scanning HDFCBANK...
2026-09-24 12:16:10,363 [INFO]   HDFCBANK: no signal | C=737.25 RSI=66.9 BB=3.1%
2026-09-24 12:16:10,363 [INFO] Scanning ICICIBANK...
2026-09-24 12:16:10,374 [INFO]   ICICIBANK: no signal | C=1340.0 RSI=17.2 BB=-3.8%
2026-09-24 12:16:10,374 [INFO] Scanning SBIN...
2026-09-24 12:16:10,386 [INFO]   SBIN: no signal | C=994.1 RSI=39.7 BB=-1.8%
2026-09-24 12:16:10,386 [INFO] Scanning BHARTIARTL...
2026-09-24 12:16:10,393 [INFO]   BHARTIARTL: no signal | C=1833.2 RSI=44.6 BB=-0.9%
2026-09-24 12:16:10,393 [INFO] Scanning KOTAKBANK...
2026-09-24 12:16:10,405 [INFO]   KOTAKBANK: no signal | C=413.25 RSI=38.9 BB=-1.2%
2026-09-24 12:16:10,405 [INFO] Scanning LT...
2026-09-24 12:16:10,421 [INFO]   LT: no signal | C=3929.9 RSI=45.0 BB=-0.4%
2026-09-24 12:16:10,421 [INFO] Scanning MARUTI...
2026-09-24 12:16:10,433 [INFO]   MARUTI: no signal | C=12230 RSI=27.3 BB=-3.6%
2026-09-24 12:16:10,433 [INFO] Scanning NTPC...
2026-09-24 12:16:10,454 [INFO]   NTPC: no signal | C=326.0 RSI=43.5 BB=-1.2%
2026-09-24 12:16:10,454 [INFO] Scanning WIPRO...
2026-09-24 12:16:10,463 [INFO]   WIPRO: no signal | C=164.9 RSI=25.3 BB=-4.1%
2026-09-24 12:16:10,463 [INFO] Scanning TATASTEEL...
2026-09-24 12:16:10,478 [INFO]   TATASTEEL: no signal | C=190.82 RSI=59.5 BB=2.8%
2026-09-24 12:16:10,478 [INFO] Scanning TITAN...
2026-09-24 12:16:10,488 [INFO]   TITAN: no signal | C=4880.0 RSI=34.5 BB=-2.2%
2026-09-24 12:16:10,488 [INFO] Scanning HCLTECH...
2026-09-24 12:16:10,496 [INFO]   HCLTECH: no signal | C=1256.7 RSI=34.7 BB=-1.5%
2026-09-24 12:16:10,501 [INFO] Scanning INFY...
2026-09-24 12:16:10,512 [INFO]   INFY: no signal | C=1020.5 RSI=20.6 BB=-5.9%
2026-09-24 12:16:10,513 [INFO] Scanning TCS...
2026-09-24 12:16:10,524 [INFO]   TCS: no signal | C=2089.6 RSI=18.4 BB=-6.7%
2026-09-24 12:16:10,524 [INFO] Scanning ASIANPAINT...
2026-09-24 12:16:10,536 [INFO]   ASIANPAINT: no signal | C=2455.0 RSI=32.8 BB=-1.8%
2026-09-24 12:16:10,536 [INFO] 
2026-09-24 12:16:10,536 [INFO] ============================================================
2026-09-24 12:16:10,536 [INFO] SCAN COMPLETE (2026-09-23) — 0 signal(s) found
2026-09-24 12:16:10,537 [INFO] Signals saved to: D:\OpenCode\Stock\Stock Analyzer\signals\signals_2026-09-23.json
2026-09-24 12:16:10,537 [INFO] ============================================================
2026-09-24 12:17:28,962 [INFO] ============================================================
2026-09-24 12:17:28,962 [INFO] STOCK ANALYZER — DAILY SIGNAL SCAN
2026-09-24 12:17:28,962 [INFO] Scan date: 2026-09-23
2026-09-24 12:17:28,962 [INFO] Today: 2026-09-24
2026-09-24 12:17:28,962 [INFO] ============================================================
2026-09-24 12:17:29,712 [INFO] Fetching Nifty 50 data (up to 2026-09-23)...
2026-09-24 12:17:29,720 [INFO] Nifty: 23446.80 | 20 SMA: 23658.05 | Regime: BEARISH
2026-09-24 12:17:29,720 [INFO] Scanning RELIANCE...
2026-09-24 12:17:29,729 [INFO]   RELIANCE: no signal | C=1248.0 RSI=31.8 BB=-2.1%
2026-09-24 12:17:29,729 [INFO] Scanning HDFCBANK...
2026-09-24 12:17:29,743 [INFO]   HDFCBANK: no signal | C=737.25 RSI=66.9 BB=3.1%
2026-09-24 12:17:29,743 [INFO] Scanning ICICIBANK...
2026-09-24 12:17:29,751 [INFO]   ICICIBANK: no signal | C=1340.0 RSI=17.2 BB=-3.8%
2026-09-24 12:17:29,751 [INFO] Scanning SBIN...
2026-09-24 12:17:29,760 [INFO]   SBIN: no signal | C=994.1 RSI=39.7 BB=-1.8%
2026-09-24 12:17:29,760 [INFO] Scanning BHARTIARTL...
2026-09-24 12:17:29,772 [INFO]   BHARTIARTL: no signal | C=1833.2 RSI=44.6 BB=-0.9%
2026-09-24 12:17:29,772 [INFO] Scanning KOTAKBANK...
2026-09-24 12:17:29,784 [INFO]   KOTAKBANK: no signal | C=413.25 RSI=38.9 BB=-1.2%
2026-09-24 12:17:29,784 [INFO] Scanning LT...
2026-09-24 12:17:29,793 [INFO]   LT: no signal | C=3929.9 RSI=45.0 BB=-0.4%
2026-09-24 12:17:29,793 [INFO] Scanning MARUTI...
2026-09-24 12:17:29,806 [INFO]   MARUTI: no signal | C=12230 RSI=27.3 BB=-3.6%
2026-09-24 12:17:29,806 [INFO] Scanning NTPC...
2026-09-24 12:17:29,811 [INFO]   NTPC: no signal | C=326.0 RSI=43.5 BB=-1.2%
2026-09-24 12:17:29,811 [INFO] Scanning WIPRO...
2026-09-24 12:17:29,827 [INFO]   WIPRO: no signal | C=164.9 RSI=25.3 BB=-4.1%
2026-09-24 12:17:29,827 [INFO] Scanning TATASTEEL...
2026-09-24 12:17:29,835 [INFO]   TATASTEEL: no signal | C=190.82 RSI=59.5 BB=2.8%
2026-09-24 12:17:29,835 [INFO] Scanning TITAN...
2026-09-24 12:17:29,843 [INFO]   TITAN: no signal | C=4880.0 RSI=34.5 BB=-2.2%
2026-09-24 12:17:29,843 [INFO] Scanning HCLTECH...
2026-09-24 12:17:29,852 [INFO]   HCLTECH: no signal | C=1256.7 RSI=34.7 BB=-1.5%
2026-09-24 12:17:29,852 [INFO] Scanning INFY...
2026-09-24 12:17:29,868 [INFO]   INFY: no signal | C=1020.5 RSI=20.6 BB=-5.9%
2026-09-24 12:17:29,868 [INFO] Scanning TCS...
2026-09-24 12:17:29,877 [INFO]   TCS: no signal | C=2089.6 RSI=18.4 BB=-6.7%
2026-09-24 12:17:29,877 [INFO] Scanning ASIANPAINT...
2026-09-24 12:17:29,886 [INFO]   ASIANPAINT: no signal | C=2455.0 RSI=32.8 BB=-1.8%
2026-09-24 12:17:29,886 [INFO] 
2026-09-24 12:17:29,886 [INFO] ============================================================
2026-09-24 12:17:29,886 [INFO] SCAN COMPLETE (2026-09-23) — 0 signal(s) found
2026-09-24 12:17:29,886 [INFO] Signals saved to: D:\OpenCode\Stock\Stock Analyzer\signals\signals_2026-09-23.json
2026-09-24 12:17:29,886 [INFO] ============================================================
